Analysis & Synthesis report for fpga-riscv32-minimal
Mon Nov 23 15:29:47 2020
Quartus Prime Version 20.1.0 Build 711 06/05/2020 SJ Lite Edition


---------------------
; Table of Contents ;
---------------------
  1. Legal Notice
  2. Analysis & Synthesis Summary
  3. Analysis & Synthesis Settings
  4. Parallel Compilation
  5. Analysis & Synthesis Source Files Read
  6. Analysis & Synthesis Resource Usage Summary
  7. Analysis & Synthesis Resource Utilization by Entity
  8. Registers Removed During Synthesis
  9. Removed Registers Triggering Further Register Optimizations
 10. General Register Statistics
 11. Port Connectivity Checks: "adder:alu_pc"
 12. Port Connectivity Checks: "pc:program_counter|register32b:count_register"
 13. Port Connectivity Checks: "pc:program_counter"
 14. Post-Synthesis Netlist Statistics for Top Partition
 15. Elapsed Time Per Partition
 16. Analysis & Synthesis Messages



----------------
; Legal Notice ;
----------------
Copyright (C) 2020  Intel Corporation. All rights reserved.
Your use of Intel Corporation's design tools, logic functions 
and other software and tools, and any partner logic 
functions, and any output files from any of the foregoing 
(including device programming or simulation files), and any 
associated documentation or information are expressly subject 
to the terms and conditions of the Intel Program License 
Subscription Agreement, the Intel Quartus Prime License Agreement,
the Intel FPGA IP License Agreement, or other applicable license
agreement, including, without limitation, that your use is for
the sole purpose of programming logic devices manufactured by
Intel and sold by Intel or its authorized distributors.  Please
refer to the applicable agreement for further details, at
https://fpgasoftware.intel.com/eula.



+-------------------------------------------------------------------------------+
; Analysis & Synthesis Summary                                                  ;
+---------------------------------+---------------------------------------------+
; Analysis & Synthesis Status     ; Successful - Mon Nov 23 15:29:47 2020       ;
; Quartus Prime Version           ; 20.1.0 Build 711 06/05/2020 SJ Lite Edition ;
; Revision Name                   ; fpga-riscv32-minimal                        ;
; Top-level Entity Name           ; fpga_riscv32_minimal                        ;
; Family                          ; Cyclone V                                   ;
; Logic utilization (in ALMs)     ; N/A                                         ;
; Total registers                 ; 0                                           ;
; Total pins                      ; 66                                          ;
; Total virtual pins              ; 0                                           ;
; Total block memory bits         ; 0                                           ;
; Total DSP Blocks                ; 0                                           ;
; Total HSSI RX PCSs              ; 0                                           ;
; Total HSSI PMA RX Deserializers ; 0                                           ;
; Total HSSI TX PCSs              ; 0                                           ;
; Total HSSI PMA TX Serializers   ; 0                                           ;
; Total PLLs                      ; 0                                           ;
; Total DLLs                      ; 0                                           ;
+---------------------------------+---------------------------------------------+


+-------------------------------------------------------------------------------------------------------------------------------+
; Analysis & Synthesis Settings                                                                                                 ;
+---------------------------------------------------------------------------------+----------------------+----------------------+
; Option                                                                          ; Setting              ; Default Value        ;
+---------------------------------------------------------------------------------+----------------------+----------------------+
; Device                                                                          ; 5CSEBA6U19C6         ;                      ;
; Top-level entity name                                                           ; fpga_riscv32_minimal ; fpga-riscv32-minimal ;
; Family name                                                                     ; Cyclone V            ; Cyclone V            ;
; Type of Retiming Performed During Resynthesis                                   ; Full                 ;                      ;
; Resynthesis Optimization Effort                                                 ; Normal               ;                      ;
; Physical Synthesis Level for Resynthesis                                        ; Normal               ;                      ;
; Use Generated Physical Constraints File                                         ; On                   ;                      ;
; Use smart compilation                                                           ; Off                  ; Off                  ;
; Enable parallel Assembler and Timing Analyzer during compilation                ; On                   ; On                   ;
; Enable compact report table                                                     ; Off                  ; Off                  ;
; Restructure Multiplexers                                                        ; Auto                 ; Auto                 ;
; MLAB Add Timing Constraints For Mixed-Port Feed-Through Mode Setting Don't Care ; Off                  ; Off                  ;
; Create Debugging Nodes for IP Cores                                             ; Off                  ; Off                  ;
; Preserve fewer node names                                                       ; On                   ; On                   ;
; Intel FPGA IP Evaluation Mode                                                   ; Enable               ; Enable               ;
; Verilog Version                                                                 ; Verilog_2001         ; Verilog_2001         ;
; VHDL Version                                                                    ; VHDL_1993            ; VHDL_1993            ;
; State Machine Processing                                                        ; Auto                 ; Auto                 ;
; Safe State Machine                                                              ; Off                  ; Off                  ;
; Extract Verilog State Machines                                                  ; On                   ; On                   ;
; Extract VHDL State Machines                                                     ; On                   ; On                   ;
; Ignore Verilog initial constructs                                               ; Off                  ; Off                  ;
; Iteration limit for constant Verilog loops                                      ; 5000                 ; 5000                 ;
; Iteration limit for non-constant Verilog loops                                  ; 250                  ; 250                  ;
; Add Pass-Through Logic to Inferred RAMs                                         ; On                   ; On                   ;
; Infer RAMs from Raw Logic                                                       ; On                   ; On                   ;
; Parallel Synthesis                                                              ; On                   ; On                   ;
; DSP Block Balancing                                                             ; Auto                 ; Auto                 ;
; NOT Gate Push-Back                                                              ; On                   ; On                   ;
; Power-Up Don't Care                                                             ; On                   ; On                   ;
; Remove Redundant Logic Cells                                                    ; Off                  ; Off                  ;
; Remove Duplicate Registers                                                      ; On                   ; On                   ;
; Ignore CARRY Buffers                                                            ; Off                  ; Off                  ;
; Ignore CASCADE Buffers                                                          ; Off                  ; Off                  ;
; Ignore GLOBAL Buffers                                                           ; Off                  ; Off                  ;
; Ignore ROW GLOBAL Buffers                                                       ; Off                  ; Off                  ;
; Ignore LCELL Buffers                                                            ; Off                  ; Off                  ;
; Ignore SOFT Buffers                                                             ; On                   ; On                   ;
; Limit AHDL Integers to 32 Bits                                                  ; Off                  ; Off                  ;
; Optimization Technique                                                          ; Balanced             ; Balanced             ;
; Carry Chain Length                                                              ; 70                   ; 70                   ;
; Auto Carry Chains                                                               ; On                   ; On                   ;
; Auto Open-Drain Pins                                                            ; On                   ; On                   ;
; Perform WYSIWYG Primitive Resynthesis                                           ; Off                  ; Off                  ;
; Auto ROM Replacement                                                            ; On                   ; On                   ;
; Auto RAM Replacement                                                            ; On                   ; On                   ;
; Auto DSP Block Replacement                                                      ; On                   ; On                   ;
; Auto Shift Register Replacement                                                 ; Auto                 ; Auto                 ;
; Allow Shift Register Merging across Hierarchies                                 ; Auto                 ; Auto                 ;
; Auto Clock Enable Replacement                                                   ; On                   ; On                   ;
; Strict RAM Replacement                                                          ; Off                  ; Off                  ;
; Allow Synchronous Control Signals                                               ; On                   ; On                   ;
; Force Use of Synchronous Clear Signals                                          ; Off                  ; Off                  ;
; Auto Resource Sharing                                                           ; Off                  ; Off                  ;
; Allow Any RAM Size For Recognition                                              ; Off                  ; Off                  ;
; Allow Any ROM Size For Recognition                                              ; Off                  ; Off                  ;
; Allow Any Shift Register Size For Recognition                                   ; Off                  ; Off                  ;
; Use LogicLock Constraints during Resource Balancing                             ; On                   ; On                   ;
; Ignore translate_off and synthesis_off directives                               ; Off                  ; Off                  ;
; Timing-Driven Synthesis                                                         ; On                   ; On                   ;
; Report Parameter Settings                                                       ; On                   ; On                   ;
; Report Source Assignments                                                       ; On                   ; On                   ;
; Report Connectivity Checks                                                      ; On                   ; On                   ;
; Ignore Maximum Fan-Out Assignments                                              ; Off                  ; Off                  ;
; Synchronization Register Chain Length                                           ; 3                    ; 3                    ;
; Power Optimization During Synthesis                                             ; Normal compilation   ; Normal compilation   ;
; HDL message level                                                               ; Level2               ; Level2               ;
; Suppress Register Optimization Related Messages                                 ; Off                  ; Off                  ;
; Number of Removed Registers Reported in Synthesis Report                        ; 5000                 ; 5000                 ;
; Number of Swept Nodes Reported in Synthesis Report                              ; 5000                 ; 5000                 ;
; Number of Inverted Registers Reported in Synthesis Report                       ; 100                  ; 100                  ;
; Clock MUX Protection                                                            ; On                   ; On                   ;
; Auto Gated Clock Conversion                                                     ; Off                  ; Off                  ;
; Block Design Naming                                                             ; Auto                 ; Auto                 ;
; SDC constraint protection                                                       ; Off                  ; Off                  ;
; Synthesis Effort                                                                ; Auto                 ; Auto                 ;
; Shift Register Replacement - Allow Asynchronous Clear Signal                    ; On                   ; On                   ;
; Pre-Mapping Resynthesis Optimization                                            ; Off                  ; Off                  ;
; Analysis & Synthesis Message Level                                              ; Medium               ; Medium               ;
; Disable Register Merging Across Hierarchies                                     ; Auto                 ; Auto                 ;
; Resource Aware Inference For Block RAM                                          ; On                   ; On                   ;
; Automatic Parallel Synthesis                                                    ; On                   ; On                   ;
; Partial Reconfiguration Bitstream ID                                            ; Off                  ; Off                  ;
+---------------------------------------------------------------------------------+----------------------+----------------------+


+------------------------------------------+
; Parallel Compilation                     ;
+----------------------------+-------------+
; Processors                 ; Number      ;
+----------------------------+-------------+
; Number detected on machine ; 4           ;
; Maximum allowed            ; 2           ;
;                            ;             ;
; Average used               ; 1.00        ;
; Maximum used               ; 1           ;
;                            ;             ;
; Usage by Processor         ; % Time Used ;
;     Processor 1            ; 100.0%      ;
+----------------------------+-------------+


+---------------------------------------------------------------------------------------------------------------------------------------------------------------------+
; Analysis & Synthesis Source Files Read                                                                                                                              ;
+-------------------------------------+-----------------+-----------------+---------------------------------------------------------------------------------+---------+
; File Name with User-Entered Path    ; Used in Netlist ; File Type       ; File Name with Absolute Path                                                    ; Library ;
+-------------------------------------+-----------------+-----------------+---------------------------------------------------------------------------------+---------+
; components/register4b.vhd           ; yes             ; User VHDL File  ; /home/edilcn/Documents/fpga-riscv32-minimal/components/register4b.vhd           ;         ;
; components/register1b.vhd           ; yes             ; User VHDL File  ; /home/edilcn/Documents/fpga-riscv32-minimal/components/register1b.vhd           ;         ;
; components/register32b_falling.vhd  ; yes             ; User VHDL File  ; /home/edilcn/Documents/fpga-riscv32-minimal/components/register32b_falling.vhd  ;         ;
; components/register_bank.vhd        ; yes             ; User VHDL File  ; /home/edilcn/Documents/fpga-riscv32-minimal/components/register_bank.vhd        ;         ;
; components/controller.vhd           ; yes             ; User VHDL File  ; /home/edilcn/Documents/fpga-riscv32-minimal/components/controller.vhd           ;         ;
; components/register32b.vhd          ; yes             ; User VHDL File  ; /home/edilcn/Documents/fpga-riscv32-minimal/components/register32b.vhd          ;         ;
; components/pc.vhd                   ; yes             ; User VHDL File  ; /home/edilcn/Documents/fpga-riscv32-minimal/components/pc.vhd                   ;         ;
; components/datapath.vhd             ; yes             ; User VHDL File  ; /home/edilcn/Documents/fpga-riscv32-minimal/components/datapath.vhd             ;         ;
; components/alu.vhd                  ; yes             ; User VHDL File  ; /home/edilcn/Documents/fpga-riscv32-minimal/components/alu.vhd                  ;         ;
; components/fpga-riscv32-minimal.vhd ; yes             ; User VHDL File  ; /home/edilcn/Documents/fpga-riscv32-minimal/components/fpga-riscv32-minimal.vhd ;         ;
; components/instmem.vhd              ; yes             ; User VHDL File  ; /home/edilcn/Documents/fpga-riscv32-minimal/components/instmem.vhd              ;         ;
; components/adder.vhd                ; yes             ; User VHDL File  ; /home/edilcn/Documents/fpga-riscv32-minimal/components/adder.vhd                ;         ;
; components/mux2.vhd                 ; yes             ; User VHDL File  ; /home/edilcn/Documents/fpga-riscv32-minimal/components/mux2.vhd                 ;         ;
; ifid_register.vhd                   ; yes             ; User VHDL File  ; /home/edilcn/Documents/fpga-riscv32-minimal/ifid_register.vhd                   ;         ;
; components/mux32_1.vhd              ; yes             ; User VHDL File  ; /home/edilcn/Documents/fpga-riscv32-minimal/components/mux32_1.vhd              ;         ;
; idex_register.vhd                   ; yes             ; User VHDL File  ; /home/edilcn/Documents/fpga-riscv32-minimal/idex_register.vhd                   ;         ;
; components/register2b.vhd           ; yes             ; User VHDL File  ; /home/edilcn/Documents/fpga-riscv32-minimal/components/register2b.vhd           ;         ;
; components/register3b.vhd           ; yes             ; User VHDL File  ; /home/edilcn/Documents/fpga-riscv32-minimal/components/register3b.vhd           ;         ;
; components/register5b.vhd           ; yes             ; User VHDL File  ; /home/edilcn/Documents/fpga-riscv32-minimal/components/register5b.vhd           ;         ;
+-------------------------------------+-----------------+-----------------+---------------------------------------------------------------------------------+---------+


+-----------------------------------------------------+
; Analysis & Synthesis Resource Usage Summary         ;
+---------------------------------------------+-------+
; Resource                                    ; Usage ;
+---------------------------------------------+-------+
; Estimate of Logic utilization (ALMs needed) ; 0     ;
;                                             ;       ;
; Combinational ALUT usage for logic          ; 0     ;
;     -- 7 input functions                    ; 0     ;
;     -- 6 input functions                    ; 0     ;
;     -- 5 input functions                    ; 0     ;
;     -- 4 input functions                    ; 0     ;
;     -- <=3 input functions                  ; 0     ;
;                                             ;       ;
; Dedicated logic registers                   ; 0     ;
;                                             ;       ;
; I/O pins                                    ; 66    ;
;                                             ;       ;
; Total DSP Blocks                            ; 0     ;
;                                             ;       ;
; Maximum fan-out node                        ; clock ;
; Maximum fan-out                             ; 1     ;
; Total fan-out                               ; 66    ;
; Average fan-out                             ; 0.50  ;
+---------------------------------------------+-------+


+---------------------------------------------------------------------------------------------------------------------------------------------------------------------------------------------------+
; Analysis & Synthesis Resource Utilization by Entity                                                                                                                                               ;
+----------------------------+---------------------+---------------------------+-------------------+------------+------+--------------+-----------------------+----------------------+--------------+
; Compilation Hierarchy Node ; Combinational ALUTs ; Dedicated Logic Registers ; Block Memory Bits ; DSP Blocks ; Pins ; Virtual Pins ; Full Hierarchy Name   ; Entity Name          ; Library Name ;
+----------------------------+---------------------+---------------------------+-------------------+------------+------+--------------+-----------------------+----------------------+--------------+
; |fpga_riscv32_minimal      ; 0 (0)               ; 0 (0)                     ; 0                 ; 0          ; 66   ; 0            ; |fpga_riscv32_minimal ; fpga_riscv32_minimal ; work         ;
+----------------------------+---------------------+---------------------------+-------------------+------------+------+--------------+-----------------------+----------------------+--------------+
Note: For table entries with two numbers listed, the numbers in parentheses indicate the number of resources of the given type used by the specific entity alone. The numbers listed outside of parentheses indicate the total resources of the given type used by the specific entity and all of its sub-entities in the hierarchy.


+-------------------------------------------------------------------------------------------------------------------------------+
; Registers Removed During Synthesis                                                                                            ;
+---------------------------------------------------------------------+---------------------------------------------------------+
; Register name                                                       ; Reason for Removal                                      ;
+---------------------------------------------------------------------+---------------------------------------------------------+
; pc:program_counter|register32b:count_register|register_value[0..31] ; Stuck at GND due to stuck port data_in                  ;
; instmem:instruction_memory|memblock_read[1..31]                     ; Merged with instmem:instruction_memory|memblock_read[0] ;
; instmem:instruction_memory|memblock_read[0]                         ; Stuck at GND due to stuck port data_in                  ;
; Total Number of Removed Registers = 64                              ;                                                         ;
+---------------------------------------------------------------------+---------------------------------------------------------+


+--------------------------------------------------------------------------------------------------------------------------------------------+
; Removed Registers Triggering Further Register Optimizations                                                                                ;
+------------------------------------------------------------------+---------------------------+---------------------------------------------+
; Register name                                                    ; Reason for Removal        ; Registers Removed due to This Register      ;
+------------------------------------------------------------------+---------------------------+---------------------------------------------+
; pc:program_counter|register32b:count_register|register_value[31] ; Stuck at GND              ; instmem:instruction_memory|memblock_read[0] ;
;                                                                  ; due to stuck port data_in ;                                             ;
+------------------------------------------------------------------+---------------------------+---------------------------------------------+


+------------------------------------------------------+
; General Register Statistics                          ;
+----------------------------------------------+-------+
; Statistic                                    ; Value ;
+----------------------------------------------+-------+
; Total registers                              ; 0     ;
; Number of registers using Synchronous Clear  ; 0     ;
; Number of registers using Synchronous Load   ; 0     ;
; Number of registers using Asynchronous Clear ; 0     ;
; Number of registers using Asynchronous Load  ; 0     ;
; Number of registers using Clock Enable       ; 0     ;
; Number of registers using Preset             ; 0     ;
+----------------------------------------------+-------+


+------------------------------------------------+
; Port Connectivity Checks: "adder:alu_pc"       ;
+--------------+-------+----------+--------------+
; Port         ; Type  ; Severity ; Details      ;
+--------------+-------+----------+--------------+
; datab[31..3] ; Input ; Info     ; Stuck at GND ;
; datab[1..0]  ; Input ; Info     ; Stuck at GND ;
; datab[2]     ; Input ; Info     ; Stuck at VCC ;
+--------------+-------+----------+--------------+


+---------------------------------------------------------------------------+
; Port Connectivity Checks: "pc:program_counter|register32b:count_register" ;
+--------+-------+----------+-----------------------------------------------+
; Port   ; Type  ; Severity ; Details                                       ;
+--------+-------+----------+-----------------------------------------------+
; load   ; Input ; Info     ; Stuck at VCC                                  ;
; reg_in ; Input ; Info     ; Stuck at GND                                  ;
+--------+-------+----------+-----------------------------------------------+


+------------------------------------------------+
; Port Connectivity Checks: "pc:program_counter" ;
+-----------+-------+----------+-----------------+
; Port      ; Type  ; Severity ; Details         ;
+-----------+-------+----------+-----------------+
; pc_enable ; Input ; Info     ; Stuck at VCC    ;
+-----------+-------+----------+-----------------+


+-----------------------------------------------------+
; Post-Synthesis Netlist Statistics for Top Partition ;
+-----------------------+-----------------------------+
; Type                  ; Count                       ;
+-----------------------+-----------------------------+
; arriav_lcell_comb     ; 1                           ;
;     normal            ; 1                           ;
;         0 data inputs ; 1                           ;
; boundary_port         ; 66                          ;
;                       ;                             ;
; Max LUT depth         ; 0.00                        ;
; Average LUT depth     ; 0.00                        ;
+-----------------------+-----------------------------+


+-------------------------------+
; Elapsed Time Per Partition    ;
+----------------+--------------+
; Partition Name ; Elapsed Time ;
+----------------+--------------+
; Top            ; 00:00:01     ;
+----------------+--------------+


+-------------------------------+
; Analysis & Synthesis Messages ;
+-------------------------------+
Info: *******************************************************************
Info: Running Quartus Prime Analysis & Synthesis
    Info: Version 20.1.0 Build 711 06/05/2020 SJ Lite Edition
    Info: Processing started: Mon Nov 23 15:29:30 2020
Info: Command: quartus_map --read_settings_files=on --write_settings_files=off fpga-riscv32-minimal -c fpga-riscv32-minimal
Warning (18236): Number of processors has not been specified which may cause overloading on shared machines.  Set the global assignment NUM_PARALLEL_PROCESSORS in your QSF to an appropriate value for best performance.
Info (20030): Parallel compilation is enabled and will use 2 of the 2 processors detected
Info (12021): Found 2 design units, including 1 entities, in source file components/register4b.vhd
    Info (12022): Found design unit 1: register4b-arch_register4b File: /home/edilcn/Documents/fpga-riscv32-minimal/components/register4b.vhd Line: 12
    Info (12023): Found entity 1: register4b File: /home/edilcn/Documents/fpga-riscv32-minimal/components/register4b.vhd Line: 4
Info (12021): Found 2 design units, including 1 entities, in source file components/register1b.vhd
    Info (12022): Found design unit 1: register1b-arch_register1b File: /home/edilcn/Documents/fpga-riscv32-minimal/components/register1b.vhd Line: 15
    Info (12023): Found entity 1: register1b File: /home/edilcn/Documents/fpga-riscv32-minimal/components/register1b.vhd Line: 7
Info (12021): Found 2 design units, including 1 entities, in source file components/register32b_falling.vhd
    Info (12022): Found design unit 1: register32b_falling-arch_register32b_falling File: /home/edilcn/Documents/fpga-riscv32-minimal/components/register32b_falling.vhd Line: 13
    Info (12023): Found entity 1: register32b_falling File: /home/edilcn/Documents/fpga-riscv32-minimal/components/register32b_falling.vhd Line: 5
Info (12021): Found 2 design units, including 1 entities, in source file components/register_bank.vhd
    Info (12022): Found design unit 1: register_bank-arch_register_bank File: /home/edilcn/Documents/fpga-riscv32-minimal/components/register_bank.vhd Line: 18
    Info (12023): Found entity 1: register_bank File: /home/edilcn/Documents/fpga-riscv32-minimal/components/register_bank.vhd Line: 9
Info (12021): Found 2 design units, including 1 entities, in source file components/controller.vhd
    Info (12022): Found design unit 1: controller-Behavioral File: /home/edilcn/Documents/fpga-riscv32-minimal/components/controller.vhd Line: 31
    Info (12023): Found entity 1: controller File: /home/edilcn/Documents/fpga-riscv32-minimal/components/controller.vhd Line: 9
Info (12021): Found 2 design units, including 1 entities, in source file components/register32b.vhd
    Info (12022): Found design unit 1: register32b-description File: /home/edilcn/Documents/fpga-riscv32-minimal/components/register32b.vhd Line: 13
    Info (12023): Found entity 1: register32b File: /home/edilcn/Documents/fpga-riscv32-minimal/components/register32b.vhd Line: 5
Info (12021): Found 2 design units, including 1 entities, in source file components/pc.vhd
    Info (12022): Found design unit 1: pc-behavioral File: /home/edilcn/Documents/fpga-riscv32-minimal/components/pc.vhd Line: 15
    Info (12023): Found entity 1: pc File: /home/edilcn/Documents/fpga-riscv32-minimal/components/pc.vhd Line: 6
Info (12021): Found 1 design units, including 1 entities, in source file components/datapath.vhd
    Info (12023): Found entity 1: datapath File: /home/edilcn/Documents/fpga-riscv32-minimal/components/datapath.vhd Line: 7
Info (12021): Found 2 design units, including 1 entities, in source file components/alu.vhd
    Info (12022): Found design unit 1: ALU-arch_alu File: /home/edilcn/Documents/fpga-riscv32-minimal/components/alu.vhd Line: 16
    Info (12023): Found entity 1: ALU File: /home/edilcn/Documents/fpga-riscv32-minimal/components/alu.vhd Line: 5
Info (12021): Found 2 design units, including 1 entities, in source file components/fpga-riscv32-minimal.vhd
    Info (12022): Found design unit 1: fpga_riscv32_minimal-arch_minimal_riscv32 File: /home/edilcn/Documents/fpga-riscv32-minimal/components/fpga-riscv32-minimal.vhd Line: 14
    Info (12023): Found entity 1: fpga_riscv32_minimal File: /home/edilcn/Documents/fpga-riscv32-minimal/components/fpga-riscv32-minimal.vhd Line: 6
Info (12021): Found 2 design units, including 1 entities, in source file components/instmem.vhd
    Info (12022): Found design unit 1: instmem-description File: /home/edilcn/Documents/fpga-riscv32-minimal/components/instmem.vhd Line: 13
    Info (12023): Found entity 1: instmem File: /home/edilcn/Documents/fpga-riscv32-minimal/components/instmem.vhd Line: 5
Info (12021): Found 2 design units, including 1 entities, in source file components/adder.vhd
    Info (12022): Found design unit 1: adder-adder32 File: /home/edilcn/Documents/fpga-riscv32-minimal/components/adder.vhd Line: 13
    Info (12023): Found entity 1: adder File: /home/edilcn/Documents/fpga-riscv32-minimal/components/adder.vhd Line: 5
Info (12021): Found 2 design units, including 1 entities, in source file components/mux2.vhd
    Info (12022): Found design unit 1: mux2-behavioral File: /home/edilcn/Documents/fpga-riscv32-minimal/components/mux2.vhd Line: 13
    Info (12023): Found entity 1: mux2 File: /home/edilcn/Documents/fpga-riscv32-minimal/components/mux2.vhd Line: 5
Info (12021): Found 2 design units, including 1 entities, in source file ifid_register.vhd
    Info (12022): Found design unit 1: ifid_register-behavioral File: /home/edilcn/Documents/fpga-riscv32-minimal/ifid_register.vhd Line: 16
    Info (12023): Found entity 1: ifid_register File: /home/edilcn/Documents/fpga-riscv32-minimal/ifid_register.vhd Line: 6
Info (12021): Found 2 design units, including 1 entities, in source file components/mux32_1.vhd
    Info (12022): Found design unit 1: mux32_1-arch_mux32_1 File: /home/edilcn/Documents/fpga-riscv32-minimal/components/mux32_1.vhd Line: 13
    Info (12023): Found entity 1: mux32_1 File: /home/edilcn/Documents/fpga-riscv32-minimal/components/mux32_1.vhd Line: 4
Info (12021): Found 2 design units, including 1 entities, in source file idex_register.vhd
    Info (12022): Found design unit 1: idex_register-arch_idex_register File: /home/edilcn/Documents/fpga-riscv32-minimal/idex_register.vhd Line: 73
    Info (12023): Found entity 1: idex_register File: /home/edilcn/Documents/fpga-riscv32-minimal/idex_register.vhd Line: 8
Info (12021): Found 2 design units, including 1 entities, in source file components/register2b.vhd
    Info (12022): Found design unit 1: register2b-arch_register2b File: /home/edilcn/Documents/fpga-riscv32-minimal/components/register2b.vhd Line: 15
    Info (12023): Found entity 1: register2b File: /home/edilcn/Documents/fpga-riscv32-minimal/components/register2b.vhd Line: 7
Info (12021): Found 2 design units, including 1 entities, in source file components/register3b.vhd
    Info (12022): Found design unit 1: register3b-arch_register3b File: /home/edilcn/Documents/fpga-riscv32-minimal/components/register3b.vhd Line: 15
    Info (12023): Found entity 1: register3b File: /home/edilcn/Documents/fpga-riscv32-minimal/components/register3b.vhd Line: 7
Info (12021): Found 2 design units, including 1 entities, in source file components/register5b.vhd
    Info (12022): Found design unit 1: register5b-arch_register5b File: /home/edilcn/Documents/fpga-riscv32-minimal/components/register5b.vhd Line: 12
    Info (12023): Found entity 1: register5b File: /home/edilcn/Documents/fpga-riscv32-minimal/components/register5b.vhd Line: 4
Info (12127): Elaborating entity "fpga_riscv32_minimal" for the top level hierarchy
Warning (10541): VHDL Signal Declaration warning at fpga-riscv32-minimal.vhd(15): used implicit default value for signal "pc_sel" because signal was never assigned a value or an explicit default value. Use of implicit default value may introduce unintended design optimizations. File: /home/edilcn/Documents/fpga-riscv32-minimal/components/fpga-riscv32-minimal.vhd Line: 15
Info (12128): Elaborating entity "pc" for hierarchy "pc:program_counter" File: /home/edilcn/Documents/fpga-riscv32-minimal/components/fpga-riscv32-minimal.vhd Line: 20
Warning (10540): VHDL Signal Declaration warning at pc.vhd(16): used explicit default value for signal "count_address" because signal was never assigned a value File: /home/edilcn/Documents/fpga-riscv32-minimal/components/pc.vhd Line: 16
Info (12128): Elaborating entity "register32b" for hierarchy "pc:program_counter|register32b:count_register" File: /home/edilcn/Documents/fpga-riscv32-minimal/components/pc.vhd Line: 21
Info (12128): Elaborating entity "instmem" for hierarchy "instmem:instruction_memory" File: /home/edilcn/Documents/fpga-riscv32-minimal/components/fpga-riscv32-minimal.vhd Line: 21
Info (12128): Elaborating entity "adder" for hierarchy "adder:alu_pc" File: /home/edilcn/Documents/fpga-riscv32-minimal/components/fpga-riscv32-minimal.vhd Line: 22
Info (12128): Elaborating entity "mux2" for hierarchy "mux2:pc_mux" File: /home/edilcn/Documents/fpga-riscv32-minimal/components/fpga-riscv32-minimal.vhd Line: 23
Warning (13024): Output pins are stuck at VCC or GND
    Warning (13410): Pin "instruction[0]" is stuck at GND File: /home/edilcn/Documents/fpga-riscv32-minimal/components/fpga-riscv32-minimal.vhd Line: 10
    Warning (13410): Pin "instruction[1]" is stuck at GND File: /home/edilcn/Documents/fpga-riscv32-minimal/components/fpga-riscv32-minimal.vhd Line: 10
    Warning (13410): Pin "instruction[2]" is stuck at GND File: /home/edilcn/Documents/fpga-riscv32-minimal/components/fpga-riscv32-minimal.vhd Line: 10
    Warning (13410): Pin "instruction[3]" is stuck at GND File: /home/edilcn/Documents/fpga-riscv32-minimal/components/fpga-riscv32-minimal.vhd Line: 10
    Warning (13410): Pin "instruction[4]" is stuck at GND File: /home/edilcn/Documents/fpga-riscv32-minimal/components/fpga-riscv32-minimal.vhd Line: 10
    Warning (13410): Pin "instruction[5]" is stuck at GND File: /home/edilcn/Documents/fpga-riscv32-minimal/components/fpga-riscv32-minimal.vhd Line: 10
    Warning (13410): Pin "instruction[6]" is stuck at GND File: /home/edilcn/Documents/fpga-riscv32-minimal/components/fpga-riscv32-minimal.vhd Line: 10
    Warning (13410): Pin "instruction[7]" is stuck at GND File: /home/edilcn/Documents/fpga-riscv32-minimal/components/fpga-riscv32-minimal.vhd Line: 10
    Warning (13410): Pin "instruction[8]" is stuck at GND File: /home/edilcn/Documents/fpga-riscv32-minimal/components/fpga-riscv32-minimal.vhd Line: 10
    Warning (13410): Pin "instruction[9]" is stuck at GND File: /home/edilcn/Documents/fpga-riscv32-minimal/components/fpga-riscv32-minimal.vhd Line: 10
    Warning (13410): Pin "instruction[10]" is stuck at GND File: /home/edilcn/Documents/fpga-riscv32-minimal/components/fpga-riscv32-minimal.vhd Line: 10
    Warning (13410): Pin "instruction[11]" is stuck at GND File: /home/edilcn/Documents/fpga-riscv32-minimal/components/fpga-riscv32-minimal.vhd Line: 10
    Warning (13410): Pin "instruction[12]" is stuck at GND File: /home/edilcn/Documents/fpga-riscv32-minimal/components/fpga-riscv32-minimal.vhd Line: 10
    Warning (13410): Pin "instruction[13]" is stuck at GND File: /home/edilcn/Documents/fpga-riscv32-minimal/components/fpga-riscv32-minimal.vhd Line: 10
    Warning (13410): Pin "instruction[14]" is stuck at GND File: /home/edilcn/Documents/fpga-riscv32-minimal/components/fpga-riscv32-minimal.vhd Line: 10
    Warning (13410): Pin "instruction[15]" is stuck at GND File: /home/edilcn/Documents/fpga-riscv32-minimal/components/fpga-riscv32-minimal.vhd Line: 10
    Warning (13410): Pin "instruction[16]" is stuck at GND File: /home/edilcn/Documents/fpga-riscv32-minimal/components/fpga-riscv32-minimal.vhd Line: 10
    Warning (13410): Pin "instruction[17]" is stuck at GND File: /home/edilcn/Documents/fpga-riscv32-minimal/components/fpga-riscv32-minimal.vhd Line: 10
    Warning (13410): Pin "instruction[18]" is stuck at GND File: /home/edilcn/Documents/fpga-riscv32-minimal/components/fpga-riscv32-minimal.vhd Line: 10
    Warning (13410): Pin "instruction[19]" is stuck at GND File: /home/edilcn/Documents/fpga-riscv32-minimal/components/fpga-riscv32-minimal.vhd Line: 10
    Warning (13410): Pin "instruction[20]" is stuck at GND File: /home/edilcn/Documents/fpga-riscv32-minimal/components/fpga-riscv32-minimal.vhd Line: 10
    Warning (13410): Pin "instruction[21]" is stuck at GND File: /home/edilcn/Documents/fpga-riscv32-minimal/components/fpga-riscv32-minimal.vhd Line: 10
    Warning (13410): Pin "instruction[22]" is stuck at GND File: /home/edilcn/Documents/fpga-riscv32-minimal/components/fpga-riscv32-minimal.vhd Line: 10
    Warning (13410): Pin "instruction[23]" is stuck at GND File: /home/edilcn/Documents/fpga-riscv32-minimal/components/fpga-riscv32-minimal.vhd Line: 10
    Warning (13410): Pin "instruction[24]" is stuck at GND File: /home/edilcn/Documents/fpga-riscv32-minimal/components/fpga-riscv32-minimal.vhd Line: 10
    Warning (13410): Pin "instruction[25]" is stuck at GND File: /home/edilcn/Documents/fpga-riscv32-minimal/components/fpga-riscv32-minimal.vhd Line: 10
    Warning (13410): Pin "instruction[26]" is stuck at GND File: /home/edilcn/Documents/fpga-riscv32-minimal/components/fpga-riscv32-minimal.vhd Line: 10
    Warning (13410): Pin "instruction[27]" is stuck at GND File: /home/edilcn/Documents/fpga-riscv32-minimal/components/fpga-riscv32-minimal.vhd Line: 10
    Warning (13410): Pin "instruction[28]" is stuck at GND File: /home/edilcn/Documents/fpga-riscv32-minimal/components/fpga-riscv32-minimal.vhd Line: 10
    Warning (13410): Pin "instruction[29]" is stuck at GND File: /home/edilcn/Documents/fpga-riscv32-minimal/components/fpga-riscv32-minimal.vhd Line: 10
    Warning (13410): Pin "instruction[30]" is stuck at GND File: /home/edilcn/Documents/fpga-riscv32-minimal/components/fpga-riscv32-minimal.vhd Line: 10
    Warning (13410): Pin "instruction[31]" is stuck at GND File: /home/edilcn/Documents/fpga-riscv32-minimal/components/fpga-riscv32-minimal.vhd Line: 10
Info (16010): Generating hard_block partition "hard_block:auto_generated_inst"
    Info (16011): Adding 0 node(s), including 0 DDIO, 0 PLL, 0 transceiver and 0 LCELL
Warning (21074): Design contains 34 input pin(s) that do not drive logic
    Warning (15610): No output dependent on input pin "clock" File: /home/edilcn/Documents/fpga-riscv32-minimal/components/fpga-riscv32-minimal.vhd Line: 8
    Warning (15610): No output dependent on input pin "clear" File: /home/edilcn/Documents/fpga-riscv32-minimal/components/fpga-riscv32-minimal.vhd Line: 8
    Warning (15610): No output dependent on input pin "alu_res[0]" File: /home/edilcn/Documents/fpga-riscv32-minimal/components/fpga-riscv32-minimal.vhd Line: 9
    Warning (15610): No output dependent on input pin "alu_res[1]" File: /home/edilcn/Documents/fpga-riscv32-minimal/components/fpga-riscv32-minimal.vhd Line: 9
    Warning (15610): No output dependent on input pin "alu_res[2]" File: /home/edilcn/Documents/fpga-riscv32-minimal/components/fpga-riscv32-minimal.vhd Line: 9
    Warning (15610): No output dependent on input pin "alu_res[3]" File: /home/edilcn/Documents/fpga-riscv32-minimal/components/fpga-riscv32-minimal.vhd Line: 9
    Warning (15610): No output dependent on input pin "alu_res[4]" File: /home/edilcn/Documents/fpga-riscv32-minimal/components/fpga-riscv32-minimal.vhd Line: 9
    Warning (15610): No output dependent on input pin "alu_res[5]" File: /home/edilcn/Documents/fpga-riscv32-minimal/components/fpga-riscv32-minimal.vhd Line: 9
    Warning (15610): No output dependent on input pin "alu_res[6]" File: /home/edilcn/Documents/fpga-riscv32-minimal/components/fpga-riscv32-minimal.vhd Line: 9
    Warning (15610): No output dependent on input pin "alu_res[7]" File: /home/edilcn/Documents/fpga-riscv32-minimal/components/fpga-riscv32-minimal.vhd Line: 9
    Warning (15610): No output dependent on input pin "alu_res[8]" File: /home/edilcn/Documents/fpga-riscv32-minimal/components/fpga-riscv32-minimal.vhd Line: 9
    Warning (15610): No output dependent on input pin "alu_res[9]" File: /home/edilcn/Documents/fpga-riscv32-minimal/components/fpga-riscv32-minimal.vhd Line: 9
    Warning (15610): No output dependent on input pin "alu_res[10]" File: /home/edilcn/Documents/fpga-riscv32-minimal/components/fpga-riscv32-minimal.vhd Line: 9
    Warning (15610): No output dependent on input pin "alu_res[11]" File: /home/edilcn/Documents/fpga-riscv32-minimal/components/fpga-riscv32-minimal.vhd Line: 9
    Warning (15610): No output dependent on input pin "alu_res[12]" File: /home/edilcn/Documents/fpga-riscv32-minimal/components/fpga-riscv32-minimal.vhd Line: 9
    Warning (15610): No output dependent on input pin "alu_res[13]" File: /home/edilcn/Documents/fpga-riscv32-minimal/components/fpga-riscv32-minimal.vhd Line: 9
    Warning (15610): No output dependent on input pin "alu_res[14]" File: /home/edilcn/Documents/fpga-riscv32-minimal/components/fpga-riscv32-minimal.vhd Line: 9
    Warning (15610): No output dependent on input pin "alu_res[15]" File: /home/edilcn/Documents/fpga-riscv32-minimal/components/fpga-riscv32-minimal.vhd Line: 9
    Warning (15610): No output dependent on input pin "alu_res[16]" File: /home/edilcn/Documents/fpga-riscv32-minimal/components/fpga-riscv32-minimal.vhd Line: 9
    Warning (15610): No output dependent on input pin "alu_res[17]" File: /home/edilcn/Documents/fpga-riscv32-minimal/components/fpga-riscv32-minimal.vhd Line: 9
    Warning (15610): No output dependent on input pin "alu_res[18]" File: /home/edilcn/Documents/fpga-riscv32-minimal/components/fpga-riscv32-minimal.vhd Line: 9
    Warning (15610): No output dependent on input pin "alu_res[19]" File: /home/edilcn/Documents/fpga-riscv32-minimal/components/fpga-riscv32-minimal.vhd Line: 9
    Warning (15610): No output dependent on input pin "alu_res[20]" File: /home/edilcn/Documents/fpga-riscv32-minimal/components/fpga-riscv32-minimal.vhd Line: 9
    Warning (15610): No output dependent on input pin "alu_res[21]" File: /home/edilcn/Documents/fpga-riscv32-minimal/components/fpga-riscv32-minimal.vhd Line: 9
    Warning (15610): No output dependent on input pin "alu_res[22]" File: /home/edilcn/Documents/fpga-riscv32-minimal/components/fpga-riscv32-minimal.vhd Line: 9
    Warning (15610): No output dependent on input pin "alu_res[23]" File: /home/edilcn/Documents/fpga-riscv32-minimal/components/fpga-riscv32-minimal.vhd Line: 9
    Warning (15610): No output dependent on input pin "alu_res[24]" File: /home/edilcn/Documents/fpga-riscv32-minimal/components/fpga-riscv32-minimal.vhd Line: 9
    Warning (15610): No output dependent on input pin "alu_res[25]" File: /home/edilcn/Documents/fpga-riscv32-minimal/components/fpga-riscv32-minimal.vhd Line: 9
    Warning (15610): No output dependent on input pin "alu_res[26]" File: /home/edilcn/Documents/fpga-riscv32-minimal/components/fpga-riscv32-minimal.vhd Line: 9
    Warning (15610): No output dependent on input pin "alu_res[27]" File: /home/edilcn/Documents/fpga-riscv32-minimal/components/fpga-riscv32-minimal.vhd Line: 9
    Warning (15610): No output dependent on input pin "alu_res[28]" File: /home/edilcn/Documents/fpga-riscv32-minimal/components/fpga-riscv32-minimal.vhd Line: 9
    Warning (15610): No output dependent on input pin "alu_res[29]" File: /home/edilcn/Documents/fpga-riscv32-minimal/components/fpga-riscv32-minimal.vhd Line: 9
    Warning (15610): No output dependent on input pin "alu_res[30]" File: /home/edilcn/Documents/fpga-riscv32-minimal/components/fpga-riscv32-minimal.vhd Line: 9
    Warning (15610): No output dependent on input pin "alu_res[31]" File: /home/edilcn/Documents/fpga-riscv32-minimal/components/fpga-riscv32-minimal.vhd Line: 9
Info (21057): Implemented 66 device resources after synthesis - the final resource count might be different
    Info (21058): Implemented 34 input pins
    Info (21059): Implemented 32 output pins
Info: Quartus Prime Analysis & Synthesis was successful. 0 errors, 71 warnings
    Info: Peak virtual memory: 697 megabytes
    Info: Processing ended: Mon Nov 23 15:29:47 2020
    Info: Elapsed time: 00:00:17
    Info: Total CPU time (on all processors): 00:00:32


